C51 COMPILER V7.50   MAIN                                                                  04/04/2016 16:05:20 PAGE 1   


C51 COMPILER V7.50, COMPILATION OF MODULE MAIN
OBJECT MODULE PLACED IN .\output\main.obj
COMPILER INVOKED BY: C:\Keil\C51\BIN\C51.EXE source\main.c LARGE BROWSE INCDIR(.\include\) DEBUG OBJECTEXTEND PRINT(.\li
                    -sting\main.lst) OBJECT(.\output\main.obj)

line level    source

   1          /***************************************************************************/
   2          // 程序：15型座垫机控制系统
   3          // 模块：主函数 
   4          // 文件：main.c
   5          // 作者：卜晓旸
   6          // 版本：V0.01
   7          // 日期：2016年4月3日
   8          // 功能：主函数
   9          // 芯片：STC12C5A60S2
  10          // 编译：Keil uVision3 V3.90
  11          /***************************************************************************/
  12          
  13          #include <reg52.h>
  14          #include <basefunc.h>
  15          #include <parameter.h>
  16          #include <uart.h>
  17          #include <timer.h>
  18          #include <key.h>
  19          #include <dispatch.h>
  20          
  21          void getSensorStatus()
  22          {
  23   1              /*
  24   1              //初始位置传感器1
  25   1              if(sensorStartPosi1 == 0)
  26   1              {
  27   1                      motor1.isStartPosition = 1;
  28   1              }
  29   1              if(sensorStartPosi1 == 1)
  30   1              {
  31   1                      motor1.isStartPosition = 0;
  32   1              }
  33   1              //初始位置传感器2
  34   1              if(sensorStartPosi2 == 0)
  35   1              {
  36   1                      motor2.isStartPosition = 1;
  37   1              }
  38   1              if(sensorStartPosi2 == 1)
  39   1              {
  40   1                      motor2.isStartPosition = 0;
  41   1              }
  42   1              */
  43   1      }
  44          
  45          /***************************************************************************/
  46          // 主函数
  47          // 参数：无
  48          // 返回值：无   
  49          /***************************************************************************/
  50          void main()
  51          {
  52   1              delay_ms(500);
  53   1              parameter_init();
  54   1              uart_init();
C51 COMPILER V7.50   MAIN                                                                  04/04/2016 16:05:20 PAGE 2   

  55   1              timer_init();
  56   1              while(1)
  57   1              {
  58   2                      if(displayMode >= 2 && displayMode <= 7)
  59   2                      {
  60   3                               refreshDisplaySetting();
*** WARNING C206 IN LINE 60 OF SOURCE\MAIN.C: 'refreshDisplaySetting': missing function-prototype
  61   3                               displayMode = 0;
  62   3                      }
  63   2                      if(saveSetting == 1) //保存设置值
  64   2                      {
  65   3                              ChangeScreenPage(0x04);
  66   3                              parameter_save();
  67   3                              ChangeScreenPage(0x02);
  68   3                              saveSetting = 0;
  69   3                      }
  70   2                      /*
  71   2                      delay_us(100);
  72   2                      //按键扫描
  73   2                      count10ms++;
  74   2                      if(count10ms > 29)
  75   2                      {
  76   2                              Key_Scan();
  77   2                              count10ms = 0;
  78   2                      }
  79   2                      //General the PWM
  80   2                      if(pulseSettingNumCount > 20)
  81   2                      {
  82   2                              timer_count --;
  83   2                      }
  84   2                      else
  85   2                      {
  86   2                              timer_count ++;
  87   2                      }
  88   2                      if(timer_count < 1)
  89   2                      {
  90   2                              timer_count = 1;        
  91   2                      }
  92   2                      else if(timer_count > 50)
  93   2                      {
  94   2                              timer_count = 50;
  95   2                      }
  96   2                      //Get the sensor status
  97   2                      getSensorStatus();
  98   2                      if(isStartPosition2 || isStartPosition1)
  99   2                      {
 100   2                              isStartPosition = 1;
 101   2                      }
 102   2                      else if(!isStartPosition2 && !isStartPosition1)
 103   2                      {
 104   2                              isStartPosition = 0;
 105   2                      }
 106   2                      //初始化过程中判断原点
 107   2                      if(initFlag == 1 && isStartPosition == 1)
 108   2                      {
 109   2                              pulseSettingNumCount = 4;
 110   2                              currentPosition = 1;
 111   2                              initFlag = 0;
 112   2                      }
 113   2                      //Save setting to eeprom
 114   2                      if(saveSetting)
 115   2                      {
C51 COMPILER V7.50   MAIN                                                                  04/04/2016 16:05:20 PAGE 3   

 116   2                              //计算电机旋转角
 117   2                              temp = (unsigned long)pulseSettingNum*motorStepAngle;
 118   2                              motorRotationAngle = temp/motorReducGearRatio;
 119   2                              //计算丝杆导程
 120   2                              temp = (unsigned long)pulseSettingNum*motorStepAngle;
 121   2                              temp =  (unsigned long)temp * screwPitch;
 122   2                              temp =  (unsigned long)temp / motorReducGearRatio;
 123   2                              ballScrew = temp/3600;
 124   2                              //保存设置
 125   2                              ChangeScreenPage(0x04);
 126   2                              parameter_save();
 127   2                              ChangeScreenPage(0x02);
 128   2                              saveSetting = 0;
 129   2                              refreshDisplay = 1;
 130   2                      }
 131   2                      //刷新显示      
 132   2                      if(refreshDisplay)
 133   2                      {
 134   2                              parameter_send_screen();
 135   2                              refreshDisplay = 0;
 136   2                      }
 137   2                      */
 138   2              }   
 139   1      }
 140          
 141          
 142          
 143          
 144          
 145          
 146          
 147          


MODULE INFORMATION:   STATIC OVERLAYABLE
   CODE SIZE        =     72    ----
   CONSTANT SIZE    =   ----    ----
   XDATA SIZE       =   ----    ----
   PDATA SIZE       =   ----    ----
   DATA SIZE        =   ----    ----
   IDATA SIZE       =   ----    ----
   BIT SIZE         =   ----    ----
END OF MODULE INFORMATION.


C51 COMPILATION COMPLETE.  1 WARNING(S),  0 ERROR(S)
